.
├── Parts
│   ├── FG:SG_Splits
│   │   ├── Wksp
│   │   │   ├── Facilitator Guide
│   │   │   │   └── Wksp PDFs
│   │   │   └── Student Guide
│   │   │       └── Wksps
│   │   └── Wksp Pages
│   │       ├── Compressed Versions
│   │       ├── Workshop_01
│   │       │   ├── Facilitator_Guide
│   │       │   │   └── Workshop_01
│   │       │   │       ├── PDFs
│   │       │   │       └── PNGs
│   │       │   └── Student_Guide
│   │       │       └── Workshop_01
│   │       │           ├── PDFs
│   │       │           └── PNGs
│   │       ├── Workshop_02
│   │       │   ├── Facilitator_Guide
│   │       │   │   └── Workshop_02
│   │       │   │       ├── PDFs
│   │       │   │       └── PNGs
│   │       │   └── Student_Guide
│   │       │       └── Workshop_02
│   │       │           ├── PDFs
│   │       │           └── PNGs
│   │       ├── Workshop_03
│   │       │   ├── Facilitator_Guide
│   │       │   │   └── Workshop_03
│   │       │   │       ├── PDFs
│   │       │   │       └── PNGs
│   │       │   └── Student_Guide
│   │       │       └── Workshop_03
│   │       │           ├── PDFs
│   │       │           └── PNGs
│   │       ├── Workshop_04
│   │       │   ├── Facilitator_Guide
│   │       │   │   └── Workshop_04
│   │       │   │       ├── PDFs
│   │       │   │       └── PNGs
│   │       │   └── Student_Guide
│   │       │       └── Workshop_04
│   │       │           ├── PDFs
│   │       │           └── PNGs
│   │       ├── Workshop_05
│   │       │   ├── Facilitator_Guide
│   │       │   │   └── Workshop_05
│   │       │   │       ├── PDFs
│   │       │   │       └── PNGs
│   │       │   └── Student_Guide
│   │       │       └── Workshop_05
│   │       │           ├── PDFs
│   │       │           └── PNGs
│   │       ├── Workshop_06
│   │       │   ├── Facilitator_Guide
│   │       │   │   └── Workshop_06
│   │       │   │       ├── PDFs
│   │       │   │       └── PNGs
│   │       │   └── Student_Guide
│   │       │       └── Workshop_06
│   │       │           ├── PDFs
│   │       │           └── PNGs
│   │       ├── Workshop_07
│   │       │   ├── Facilitator_Guide
│   │       │   │   └── Workshop_07
│   │       │   │       ├── PDFs
│   │       │   │       └── PNGs
│   │       │   └── Student_Guide
│   │       │       └── Workshop_07
│   │       │           ├── PDFs
│   │       │           └── PNGs
│   │       ├── Workshop_08
│   │       │   ├── Facilitator_Guide
│   │       │   │   └── Workshop_08
│   │       │   │       ├── PDFs
│   │       │   │       └── PNGs
│   │       │   └── Student_Guide
│   │       │       └── Workshop_08
│   │       │           ├── PDFs
│   │       │           └── PNGs
│   │       └── Workshop_09
│   │           ├── Facilitator_Guide
│   │           │   └── Workshop_09
│   │           │       ├── PDFs
│   │           │       └── PNGs
│   │           └── Student_Guide
│   │               └── Workshop_09
│   │                   ├── PDFs
│   │                   └── PNGs
│   ├── MB_FT_Script
│   │   └── Notes
│   ├── NEW Facilitator:Peer Resources
│   ├── Script_Guides_Combined
│   │   └── Test
│   └── Teaching Materials
│       ├── Facilitator & Student Guides
│       │   └── Glossaries
│       ├── Glossaries
│       ├── Workshop 1
│       │   ├── Handouts
│       │   └── Resources
│       ├── Workshop 10
│       │   ├── Handouts
│       │   └── Resources
│       ├── Workshop 11
│       ├── Workshop 2
│       │   ├── Handouts
│       │   └── Resources
│       ├── Workshop 3
│       │   ├── Handouts
│       │   └── Resources
│       ├── Workshop 4
│       │   ├── Handouts
│       │   └── Resources
│       ├── Workshop 5
│       │   ├── Handouts
│       │   └── Resources
│       ├── Workshop 6
│       │   ├── Handouts
│       │   └── Resources
│       ├── Workshop 7
│       │   ├── Handouts
│       │   └── Resources
│       ├── Workshop 8
│       │   ├── Handouts
│       │   └── Resources
│       └── Workshop 9
│           ├── Handouts
│           └── Resources
├── Whole
│   ├── Module 0
│   ├── Module 1
│   │   ├── Course Introduction
│   │   ├── SG:FG
│   │   ├── Visuals
│   │   ├── WS1 Handouts
│   │   ├── WS1 Resources
│   │   │   ├── Behavioral Health and Mindfulness
│   │   │   └── Poverty, Intersectionality, Social Justice
│   │   └── Worksheets
│   ├── Module 10
│   │   ├── Facilitator Guide
│   │   │   └── Sections
│   │   ├── HO PNGs
│   │   ├── Sections ( PDF )
│   │   ├── Student_Guide
│   │   │   └── Workshop_10
│   │   │       ├── PDFs
│   │   │       ├── PNGs
│   │   │       └── Sections
│   │   │           └── PDF
│   │   └── Visuals
│   ├── Module 11
│   ├── Module 2
│   ├── Module 3
│   ├── Module 4
│   ├── Module 5
│   ├── Module 6
│   ├── Module 7
│   │   └── Workshop_07
│   │       ├── Facilitator_Guide
│   │       │   └── Workshop_07
│   │       │       ├── PDFs
│   │       │       └── PNGs
│   │       └── Student_Guide
│   │           └── Workshop_07
│   │               ├── PDFs
│   │               └── PNGs
│   ├── Module 8
│   │   ├── Handouts
│   │   ├── Resources
│   │   └── Workshop_08_pages
│   │       ├── Facilitator_Guide
│   │       │   └── Workshop_08
│   │       │       ├── PDFs
│   │       │       └── PNGs
│   │       └── Student_Guide
│   │           └── Workshop_08
│   │               ├── PDFs
│   │               └── PNGs
│   └── Module 9
│       ├── Handouts
│       └── Resources
└── worksheets
    └── wksp_7

187 directories
